15:10:51 **** Incremental Build of configuration Debug for project PWM_application ****
make all 
make --no-print-directory pre-build
a9-linaro-pre-build-step
' '
make --no-print-directory main-build
'Building file: ../src/testperiph.c'
'Invoking: ARM v7 gcc compiler'
arm-none-eabi-gcc -Wall -O0 -g3 -c -fmessage-length=0 -MT"src/testperiph.o" -mcpu=cortex-a9 -mfpu=vfpv3 -mfloat-abi=hard -IC:/Users/ap576391/Documents/TPBrost/tp4_vitis/PWM_plat/export/PWM_plat/sw/PWM_plat/standalone_domain/bspinclude/include -MMD -MP -MF"src/testperiph.d" -MT"src/testperiph.o" -o "src/testperiph.o" "../src/testperiph.c"
'Finished building: ../src/testperiph.c'
' '
'Building target: PWM_application.elf'
'Invoking: ARM v7 gcc linker'
arm-none-eabi-gcc -mcpu=cortex-a9 -mfpu=vfpv3 -mfloat-abi=hard -Wl,-build-id=none -specs=Xilinx.spec -Wl,-T -Wl,../src/lscript.ld -LC:/Users/ap576391/Documents/TPBrost/tp4_vitis/PWM_plat/export/PWM_plat/sw/PWM_plat/standalone_domain/bsplib/lib -o "PWM_application.elf"  ./src/testperiph.o ./src/xdevcfg_selftest_example.o ./src/xdmaps_example_w_intr.o ./src/xgpio_tapp_example.o ./src/xqspips_selftest_example.o ./src/xscugic_tapp_example.o ./src/xscutimer_intr_example.o ./src/xscutimer_polled_example.o ./src/xscuwdt_intr_example.o ./src/xttcps_tapp_example.o ./src/xuartlite_selftest_example.o   -Wl,--start-group,-lxil,-lgcc,-lc,--end-group
'Finished building target: PWM_application.elf'
' '
'Invoking: ARM v7 Print Size'
arm-none-eabi-size PWM_application.elf  |tee "PWM_application.elf.size"
   text	   data	    bss	    dec	    hex	filename
  68236	   2552	  34256	 105044	  19a54	PWM_application.elf
'Finished building: PWM_application.elf.size'
' '

15:10:52 Build Finished (took 1s.244ms)

