Copyright 1986-2019 Xilinx, Inc. All Rights Reserved.
-----------------------------------------------------------------------------------------
| Tool Version : Vivado v.2019.2 (win64) Build 2708876 Wed Nov  6 21:40:23 MST 2019
| Date         : Wed Oct  4 15:07:10 2023
| Host         : gs21-09 running 64-bit major release  (build 9200)
| Command      : report_control_sets -verbose -file bd_0_wrapper_control_sets_placed.rpt
| Design       : bd_0_wrapper
| Device       : xc7z020
-----------------------------------------------------------------------------------------

Control Set Information

Table of Contents
-----------------
1. Summary
2. Histogram
3. Flip-Flop Distribution
4. Detailed Control Set Information

1. Summary
----------

+----------------------------------------------------------+-------+
|                          Status                          | Count |
+----------------------------------------------------------+-------+
| Total control sets                                       |    10 |
|    Minimum number of control sets                        |    10 |
|    Addition due to synthesis replication                 |     0 |
|    Addition due to physical synthesis replication        |     0 |
| Unused register locations in slices containing registers |    57 |
+----------------------------------------------------------+-------+
* Control sets can be merged at opt_design using control_set_merge or merge_equivalent_drivers
** Run report_qor_suggestions for automated merging and remapping suggestions


2. Histogram
------------

+--------------------+-------+
|       Fanout       | Count |
+--------------------+-------+
| Total control sets |    10 |
| >= 0 to < 4        |     0 |
| >= 4 to < 6        |     1 |
| >= 6 to < 8        |     1 |
| >= 8 to < 10       |     4 |
| >= 10 to < 12      |     3 |
| >= 12 to < 14      |     0 |
| >= 14 to < 16      |     0 |
| >= 16              |     1 |
+--------------------+-------+
* Control sets can be remapped at either synth_design or opt_design


3. Flip-Flop Distribution
-------------------------

+--------------+-----------------------+------------------------+-----------------+--------------+
| Clock Enable | Synchronous Set/Reset | Asynchronous Set/Reset | Total Registers | Total Slices |
+--------------+-----------------------+------------------------+-----------------+--------------+
| No           | No                    | No                     |               7 |            3 |
| No           | No                    | Yes                    |               0 |            0 |
| No           | Yes                   | No                     |              10 |            5 |
| Yes          | No                    | No                     |              49 |           16 |
| Yes          | No                    | Yes                    |               0 |            0 |
| Yes          | Yes                   | No                     |              37 |           12 |
+--------------+-----------------------+------------------------+-----------------+--------------+


4. Detailed Control Set Information
-----------------------------------

+--------------+-----------------------------------------------------------------------------------------+------------------------------------------------------------------------------------------+------------------+----------------+
| Clock Signal |                                      Enable Signal                                      |                                     Set/Reset Signal                                     | Slice Load Count | Bel Load Count |
+--------------+-----------------------------------------------------------------------------------------+------------------------------------------------------------------------------------------+------------------+----------------+
|  ap_clk      | bd_0_i/hls_inst/U0/ap_NS_fsm14_out                                                      |                                                                                          |                1 |              4 |
|  ap_clk      |                                                                                         |                                                                                          |                3 |              7 |
|  ap_clk      | bd_0_i/hls_inst/U0/ap_NS_fsm12_out                                                      | bd_0_i/hls_inst/U0/i_0_reg_137                                                           |                3 |              9 |
|  ap_clk      | bd_0_i/hls_inst/U0/regslice_both_m_axis_video_V_data_V_U/obuf_inst/odata_int[7]_i_2_n_1 | bd_0_i/hls_inst/U0/regslice_both_m_axis_video_V_data_V_U/obuf_inst/SR[0]                 |                2 |              9 |
|  ap_clk      | bd_0_i/hls_inst/U0/regslice_both_m_axis_video_V_data_V_U/ibuf_inst/ireg01_out           | bd_0_i/hls_inst/U0/regslice_both_m_axis_video_V_data_V_U/obuf_inst/odata_int_reg[8]_0[0] |                3 |              9 |
|  ap_clk      | bd_0_i/hls_inst/U0/regslice_both_m_axis_video_V_data_V_U/E[0]                           |                                                                                          |                2 |              9 |
|  ap_clk      |                                                                                         | bd_0_i/hls_inst/U0/regslice_both_m_axis_video_V_data_V_U/obuf_inst/SR[0]                 |                5 |             10 |
|  ap_clk      | bd_0_i/hls_inst/U0/mem_V_ce0                                                            |                                                                                          |                5 |             10 |
|  ap_clk      | bd_0_i/hls_inst/U0/regslice_both_m_axis_video_V_data_V_U/ibuf_inst/ap_CS_fsm_reg[4][0]  | bd_0_i/hls_inst/U0/regslice_both_m_axis_video_V_data_V_U/ap_NS_fsm13_out                 |                4 |             10 |
|  ap_clk      | bd_0_i/hls_inst/U0/regslice_both_m_axis_video_V_data_V_U/ap_NS_fsm13_out                |                                                                                          |                8 |             26 |
+--------------+-----------------------------------------------------------------------------------------+------------------------------------------------------------------------------------------+------------------+----------------+


