

================================================================
== Vivado HLS Report for 'Filter_Convolution'
================================================================
* Date:           Sat Feb 19 22:13:22 2022

* Version:        2019.2 (Build 2704478 on Wed Nov 06 22:10:23 MST 2019)
* Project:        FILTER_CONVOLUTION
* Solution:       solution1
* Product family: zynq
* Target device:  xc7z020-clg484-1


================================================================
== Performance Estimates
================================================================
+ Timing: 
    * Summary: 
    +--------+----------+----------+------------+
    |  Clock |  Target  | Estimated| Uncertainty|
    +--------+----------+----------+------------+
    |ap_clk  | 10.00 ns | 9.739 ns |   1.25 ns  |
    +--------+----------+----------+------------+

+ Latency: 
    * Summary: 
    +---------+---------+----------+----------+--------+--------+---------+
    |  Latency (cycles) |  Latency (absolute) |     Interval    | Pipeline|
    |   min   |   max   |    min   |    max   |   min  |   max  |   Type  |
    +---------+---------+----------+----------+--------+--------+---------+
    |   308344|   308344| 3.083 ms | 3.083 ms |  308344|  308344|   none  |
    +---------+---------+----------+----------+--------+--------+---------+

    + Detail: 
        * Instance: 
        N/A

        * Loop: 
        +---------------------+---------+---------+----------+-----------+-----------+--------+----------+
        |                     |  Latency (cycles) | Iteration|  Initiation Interval  |  Trip  |          |
        |      Loop Name      |   min   |   max   |  Latency |  achieved |   target  |  Count | Pipelined|
        +---------------------+---------+---------+----------+-----------+-----------+--------+----------+
        |- Loop_row_Loop_col  |   308341|   308341|        22|          1|          1|  308321|    yes   |
        +---------------------+---------+---------+----------+-----------+-----------+--------+----------+



================================================================
== Utilization Estimates
================================================================
* Summary: 
+-----------------+---------+-------+--------+-------+-----+
|       Name      | BRAM_18K| DSP48E|   FF   |  LUT  | URAM|
+-----------------+---------+-------+--------+-------+-----+
|DSP              |        -|      5|       -|      -|    -|
|Expression       |        -|      0|       0|    434|    -|
|FIFO             |        -|      -|       -|      -|    -|
|Instance         |        -|      -|     519|    391|    -|
|Memory           |        2|      -|      38|     11|    0|
|Multiplexer      |        -|      -|       -|    135|    -|
|Register         |        0|      -|     470|     64|    -|
+-----------------+---------+-------+--------+-------+-----+
|Total            |        2|      5|    1027|   1035|    0|
+-----------------+---------+-------+--------+-------+-----+
|Available        |      280|    220|  106400|  53200|    0|
+-----------------+---------+-------+--------+-------+-----+
|Utilization (%)  |    ~0   |      2|   ~0   |      1|    0|
+-----------------+---------+-------+--------+-------+-----+

+ Detail: 
    * Instance: 
    +-------------------------+----------------------+---------+-------+-----+-----+-----+
    |         Instance        |        Module        | BRAM_18K| DSP48E|  FF | LUT | URAM|
    +-------------------------+----------------------+---------+-------+-----+-----+-----+
    |Filter_Convolutioocq_U1  |Filter_Convolutioocq  |        0|      0|  519|  391|    0|
    +-------------------------+----------------------+---------+-------+-----+-----+-----+
    |Total                    |                      |        0|      0|  519|  391|    0|
    +-------------------------+----------------------+---------+-------+-----+-----+-----+

    * DSP48E: 
    +-------------------------+----------------------+--------------+
    |         Instance        |        Module        |  Expression  |
    +-------------------------+----------------------+--------------+
    |Filter_ConvolutiopcA_U2  |Filter_ConvolutiopcA  | i0 + i1 * i2 |
    |Filter_ConvolutiopcA_U4  |Filter_ConvolutiopcA  | i0 + i1 * i2 |
    |Filter_ConvolutioqcK_U3  |Filter_ConvolutioqcK  | i0 + i1 * i2 |
    |Filter_ConvolutiorcU_U5  |Filter_ConvolutiorcU  | i0 * i1 + i2 |
    |Filter_Convolutiosc4_U6  |Filter_Convolutiosc4  | i0 * i1 + i2 |
    +-------------------------+----------------------+--------------+

    * Memory: 
    +-------------------+----------------------+---------+---+----+-----+------+-----+------+-------------+
    |       Memory      |        Module        | BRAM_18K| FF| LUT| URAM| Words| Bits| Banks| W*Bits*Banks|
    +-------------------+----------------------+---------+---+----+-----+------+-----+------+-------------+
    |M_0_0_U            |Filter_Convolutiobkb  |        0|  2|   1|    0|     8|    2|     1|           16|
    |M_0_1_U            |Filter_Convolutiocud  |        0|  3|   1|    0|     8|    3|     1|           24|
    |M_0_2_U            |Filter_ConvolutiodEe  |        0|  2|   1|    0|     8|    2|     1|           16|
    |M_1_0_U            |Filter_ConvolutioeOg  |        0|  3|   1|    0|     8|    3|     1|           24|
    |M_1_1_U            |Filter_ConvolutiofYi  |        0|  4|   1|    0|     8|    4|     1|           32|
    |M_1_2_U            |Filter_Convolutiog8j  |        0|  3|   1|    0|     8|    3|     1|           24|
    |M_2_0_U            |Filter_Convolutiohbi  |        0|  2|   1|    0|     8|    2|     1|           16|
    |M_2_1_U            |Filter_Convolutioibs  |        0|  3|   1|    0|     8|    3|     1|           24|
    |M_2_2_U            |Filter_ConvolutiojbC  |        0|  3|   1|    0|     8|    3|     1|           24|
    |SumF_U             |Filter_ConvolutiokbM  |        0|  5|   1|    0|     8|    5|     1|           40|
    |Offset_U           |Filter_ConvolutiolbW  |        0|  8|   1|    0|     8|    8|     1|           64|
    |line_buffer_V_0_U  |Filter_Convolutiomb6  |        1|  0|   0|    0|   640|    8|     1|         5120|
    |line_buffer_V_1_U  |Filter_Convolutiomb6  |        1|  0|   0|    0|   640|    8|     1|         5120|
    +-------------------+----------------------+---------+---+----+-----+------+-----+------+-------------+
    |Total              |                      |        2| 38|  11|    0|  1368|   54|    13|        10544|
    +-------------------+----------------------+---------+---+----+-----+------+-----+------+-------------+

    * FIFO: 
    N/A

    * Expression: 
    +----------------------------------+----------+-------+---+----+------------+------------+
    |           Variable Name          | Operation| DSP48E| FF| LUT| Bitwidth P0| Bitwidth P1|
    +----------------------------------+----------+-------+---+----+------------+------------+
    |grp_fu_747_p2                     |     *    |      0|  0|  41|           8|           3|
    |grp_fu_754_p2                     |     *    |      0|  0|  41|           8|           3|
    |mul_ln1371_3_fu_641_p2            |     *    |      0|  0|  41|           8|           3|
    |mul_ln1371_4_fu_649_p2            |     *    |      0|  0|  41|           8|           4|
    |add_ln1371_2_fu_702_p2            |     +    |      0|  0|  12|          12|          12|
    |add_ln1371_6_fu_718_p2            |     +    |      0|  0|  17|          13|          13|
    |add_ln1371_7_fu_727_p2            |     +    |      0|  0|  19|          14|          14|
    |add_ln42_1_fu_476_p2              |     +    |      0|  0|  15|           9|           1|
    |add_ln42_fu_456_p2                |     +    |      0|  0|  26|          19|           1|
    |col_fu_576_p2                     |     +    |      0|  0|  14|          10|           1|
    |out_img_V_TDATA_int               |     +    |      0|  0|  15|           8|           8|
    |and_ln73_fu_542_p2                |    and   |      0|  0|   2|           1|           1|
    |and_ln81_fu_570_p2                |    and   |      0|  0|   2|           1|           1|
    |ap_block_pp0_stage0_01001         |    and   |      0|  0|   2|           1|           1|
    |ap_block_state23_io               |    and   |      0|  0|   2|           1|           1|
    |ap_block_state24_io               |    and   |      0|  0|   2|           1|           1|
    |ap_block_state3_pp0_stage0_iter0  |    and   |      0|  0|   2|           1|           1|
    |ap_predicate_op116_read_state3    |    and   |      0|  0|   2|           1|           1|
    |icmp_ln42_fu_450_p2               |   icmp   |      0|  0|  18|          19|          19|
    |icmp_ln43_fu_462_p2               |   icmp   |      0|  0|  13|          10|          10|
    |icmp_ln54_fu_530_p2               |   icmp   |      0|  0|  13|          10|          10|
    |icmp_ln73_1_fu_488_p2             |   icmp   |      0|  0|  13|           9|           7|
    |icmp_ln73_fu_482_p2               |   icmp   |      0|  0|  13|           9|           7|
    |icmp_ln81_1_fu_564_p2             |   icmp   |      0|  0|  13|          10|           1|
    |icmp_ln81_2_fu_508_p2             |   icmp   |      0|  0|  13|           9|           1|
    |icmp_ln81_fu_502_p2               |   icmp   |      0|  0|  13|           9|           1|
    |ap_block_pp0_stage0_11001         |    or    |      0|  0|   2|           1|           1|
    |select_ln42_fu_522_p3             |  select  |      0|  0|   9|           1|           9|
    |select_ln73_1_fu_494_p3           |  select  |      0|  0|   2|           1|           1|
    |select_ln73_2_fu_514_p3           |  select  |      0|  0|   2|           1|           1|
    |select_ln73_fu_468_p3             |  select  |      0|  0|  10|           1|           1|
    |ap_enable_pp0                     |    xor   |      0|  0|   2|           1|           2|
    |ap_enable_reg_pp0_iter1           |    xor   |      0|  0|   2|           2|           1|
    +----------------------------------+----------+-------+---+----+------------+------------+
    |Total                             |          |      0|  0| 434|         217|         142|
    +----------------------------------+----------+-------+---+----+------------+------------+

    * Multiplexer: 
    +---------------------------------------+----+-----------+-----+-----------+
    |                  Name                 | LUT| Input Size| Bits| Total Bits|
    +---------------------------------------+----+-----------+-----+-----------+
    |ap_NS_fsm                              |  27|          5|    1|          5|
    |ap_enable_reg_pp0_iter1                |   9|          2|    1|          2|
    |ap_enable_reg_pp0_iter21               |   9|          2|    1|          2|
    |ap_sig_allocacmp_window_V_0_2_loc_1_l  |   9|          2|    8|         16|
    |ap_sig_allocacmp_window_V_1_2_loc_1_l  |   9|          2|    8|         16|
    |col_0_reg_348                          |   9|          2|   10|         20|
    |in_img_V_TDATA_blk_n                   |   9|          2|    1|          2|
    |in_temp_V_1_fu_108                     |   9|          2|    8|         16|
    |indvar_flatten_reg_326                 |   9|          2|   19|         38|
    |out_img_V_TDATA_blk_n                  |   9|          2|    1|          2|
    |row_0_reg_337                          |   9|          2|    9|         18|
    |window_V_0_2_loc_1_fu_116              |   9|          2|    8|         16|
    |window_V_1_2_loc_1_fu_112              |   9|          2|    8|         16|
    +---------------------------------------+----+-----------+-----+-----------+
    |Total                                  | 135|         29|   83|        169|
    +---------------------------------------+----+-----------+-----+-----------+

    * Register: 
    +----------------------------------------+----+----+-----+-----------+
    |                  Name                  | FF | LUT| Bits| Const Bits|
    +----------------------------------------+----+----+-----+-----------+
    |Offset_load_reg_913                     |   8|   0|    8|          0|
    |add_ln1371_4_reg_992                    |  11|   0|   11|          0|
    |add_ln1371_7_reg_997                    |  14|   0|   14|          0|
    |add_ln1371_reg_987                      |  11|   0|   11|          0|
    |and_ln81_reg_968                        |   1|   0|    1|          0|
    |ap_CS_fsm                               |   4|   0|    4|          0|
    |ap_enable_reg_pp0_iter0                 |   1|   0|    1|          0|
    |ap_enable_reg_pp0_iter1                 |   1|   0|    1|          0|
    |ap_enable_reg_pp0_iter10                |   1|   0|    1|          0|
    |ap_enable_reg_pp0_iter11                |   1|   0|    1|          0|
    |ap_enable_reg_pp0_iter12                |   1|   0|    1|          0|
    |ap_enable_reg_pp0_iter13                |   1|   0|    1|          0|
    |ap_enable_reg_pp0_iter14                |   1|   0|    1|          0|
    |ap_enable_reg_pp0_iter15                |   1|   0|    1|          0|
    |ap_enable_reg_pp0_iter16                |   1|   0|    1|          0|
    |ap_enable_reg_pp0_iter17                |   1|   0|    1|          0|
    |ap_enable_reg_pp0_iter18                |   1|   0|    1|          0|
    |ap_enable_reg_pp0_iter19                |   1|   0|    1|          0|
    |ap_enable_reg_pp0_iter2                 |   1|   0|    1|          0|
    |ap_enable_reg_pp0_iter20                |   1|   0|    1|          0|
    |ap_enable_reg_pp0_iter21                |   1|   0|    1|          0|
    |ap_enable_reg_pp0_iter3                 |   1|   0|    1|          0|
    |ap_enable_reg_pp0_iter4                 |   1|   0|    1|          0|
    |ap_enable_reg_pp0_iter5                 |   1|   0|    1|          0|
    |ap_enable_reg_pp0_iter6                 |   1|   0|    1|          0|
    |ap_enable_reg_pp0_iter7                 |   1|   0|    1|          0|
    |ap_enable_reg_pp0_iter8                 |   1|   0|    1|          0|
    |ap_enable_reg_pp0_iter9                 |   1|   0|    1|          0|
    |col_0_reg_348                           |  10|   0|   10|          0|
    |icmp_ln42_reg_936                       |   1|   0|    1|          0|
    |icmp_ln54_reg_950                       |   1|   0|    1|          0|
    |in_temp_V_1_fu_108                      |   8|   0|    8|          0|
    |in_temp_V_1_load_reg_918                |   8|   0|    8|          0|
    |in_temp_V_1_load_reg_918_pp0_iter1_reg  |   8|   0|    8|          0|
    |indvar_flatten_reg_326                  |  19|   0|   19|          0|
    |line_buffer_V_0_addr_reg_954            |  10|   0|   10|          0|
    |mul_ln1371_3_reg_977                    |  11|   0|   11|          0|
    |mul_ln1371_4_reg_982                    |  12|   0|   12|          0|
    |row_0_reg_337                           |   9|   0|    9|          0|
    |sext_ln12_1_reg_873                     |  10|   0|   10|          0|
    |sext_ln12_2_reg_888                     |  11|   0|   11|          0|
    |sext_ln12_3_reg_893                     |  10|   0|   10|          0|
    |sext_ln12_reg_863                       |  10|   0|   10|          0|
    |sext_ln1371_1_reg_878                   |  11|   0|   11|          0|
    |sext_ln1371_2_reg_898                   |  11|   0|   11|          0|
    |sext_ln1371_3_reg_903                   |  11|   0|   11|          0|
    |sext_ln1371_reg_868                     |  11|   0|   11|          0|
    |window_V_0_1                            |   8|   0|    8|          0|
    |window_V_0_2                            |   8|   0|    8|          0|
    |window_V_0_2_loc_1_fu_116               |   8|   0|    8|          0|
    |window_V_0_2_loc_1_l_reg_930            |   8|   0|    8|          0|
    |window_V_1_1                            |   8|   0|    8|          0|
    |window_V_1_2                            |   8|   0|    8|          0|
    |window_V_1_2_loc_1_fu_112               |   8|   0|    8|          0|
    |window_V_1_2_loc_1_l_reg_924            |   8|   0|    8|          0|
    |window_V_2_1                            |   8|   0|    8|          0|
    |window_V_2_2                            |   8|   0|    8|          0|
    |zext_ln12_1_reg_883                     |   4|   0|   12|          8|
    |zext_ln14_reg_908                       |   5|   0|   14|          9|
    |and_ln81_reg_968                        |  64|  32|    1|          0|
    |icmp_ln42_reg_936                       |  64|  32|    1|          0|
    +----------------------------------------+----+----+-----+-----------+
    |Total                                   | 470|  64|  361|         17|
    +----------------------------------------+----+----+-----+-----------+



================================================================
== Interface
================================================================
* Summary: 
+------------------+-----+-----+------------+--------------------+--------------+
|     RTL Ports    | Dir | Bits|  Protocol  |    Source Object   |    C Type    |
+------------------+-----+-----+------------+--------------------+--------------+
|ap_clk            |  in |    1| ap_ctrl_hs | Filter_Convolution | return value |
|ap_rst_n          |  in |    1| ap_ctrl_hs | Filter_Convolution | return value |
|ap_start          |  in |    1| ap_ctrl_hs | Filter_Convolution | return value |
|ap_done           | out |    1| ap_ctrl_hs | Filter_Convolution | return value |
|ap_idle           | out |    1| ap_ctrl_hs | Filter_Convolution | return value |
|ap_ready          | out |    1| ap_ctrl_hs | Filter_Convolution | return value |
|id_filter_V       |  in |    3|   ap_none  |     id_filter_V    |    scalar    |
|in_img_V_TDATA    |  in |    8|    axis    |      in_img_V      |    pointer   |
|in_img_V_TVALID   |  in |    1|    axis    |      in_img_V      |    pointer   |
|in_img_V_TREADY   | out |    1|    axis    |      in_img_V      |    pointer   |
|out_img_V_TDATA   | out |    8|    axis    |      out_img_V     |    pointer   |
|out_img_V_TVALID  | out |    1|    axis    |      out_img_V     |    pointer   |
|out_img_V_TREADY  |  in |    1|    axis    |      out_img_V     |    pointer   |
+------------------+-----+-----+------------+--------------------+--------------+

